[    0.000000] Initiliing cgroup subsys cpuset
[    0.000000] Initializing cgroup subsy c
[    0.000000] Initializing cgroup subsys cpuacct
[    0.000000] Linux version 4.4.0-112-generic (buildd@lgw01-amd64-010) (gcc version 5.4.0 20160609 (Ubuntu 5.4.0-6ubuntu1~16.04.5) ) #135-Ubuntu SMP Fri Jan 19 11:48:36 UTC 2018 (Ubuntu 4.4.0-112.135-generic 4.4.98)
[    0.000000] Command line: BOOT_IMAGE=/boot/vmlinuz-4.4.0-112-generic root=LABEL=cloudimg-rootfs ro console=tty1 console=ttyS0
[    0.000000] KERNEL supported cpus:
[    0.000000]   Intel GenuineIntel
[    0.000000]   AMD AuthenticAMD
[    0.000000]   Centaur CentaurHauls
[    0.000000] x86/fpu: xstate_offset[2]:  576, xstate_sizes[2]:  256
[    0.000000] x86/fpu: Supporting XSAVE feature 0x01: 'x87 floating point registers'
[    0.000000] x86/fpu: Supporting XSAVE feature 0x02: 'SSE registers'
[    0.000000] x86/fpu: Supporting XSAVE feature 0x04: 'AVX registers'
[    0.000000] x86/fpu: Enabled xstate features 0x7, context size is 832 bytes, using 'standard' format.
[    0.000000] x86/fpu: Using 'lazy' FPU context switches.
[    0.000000] e820: BIOS-provided physical RAM map:
[    0.000000] BIOS-e820: [mem 0x0000000000000000-0x000000000009fbff] usable
[    0.000000] BIOS-e820: [mem 0x000000000009fc00-0x000000000009ffff] reserved
[    0.000000] BIOS-e820: [mem 0x00000000000f0000-0x00000000000fffff] reserved
[    0.000000] BIOS-e820: [mem 0x0000000000100000-0x000000003ffeffff] usable
[    0.000000] BIOS-e820: [mem 0x000000003fff0000-0x000000003fffffff] ACPI data
[    0.000000] BIOS-e820: [mem 0x00000000fec00000-0x00000000fec00fff] reserved
[    0.000000] BIOS-e820: [mem 0x00000000fee00000-0x00000000fee00fff] reserved
[    0.000000] BIOS-e820: [mem 0x00000000fffc0000-0x00000000ffffffff] reserved
[    0.000000] NX (Execute Disable) protection: active
[    0.000000] SMBIOS 2.5 present.
[    0.000000] Hypervisor detected: KVM
[    0.000000] e820: last_pfn = 0x3fff0 max_arch_pfn = 0x400000000
[    0.000000] MTRR: Disabled
[    0.000000] x86/PAT: MTRRs disabled, skipping PAT initialization too.
[    0.000000] CPU MTRRs all blank - virtualized system.
[    0.000000] x86/PAT: Configuration [0-7]: WB  WT  UC- UC  WB  WT  UC- UC  
[    0.000000] found SMP MP-table at [mem 0x0009fff0-0x0009ffff] mapped at [ffff88000009fff0]
[    0.000000] Scannng 1 areas forlow memory corruption
[    0.000000] RAMDISK: [mem 0x36adc000-0x37565fff]
[    0.000000] ACPI: Early table checksum verification disabled[   0.000000] ACPI: RSDP 0x00000000000E0000 000024 (v02 VBOX  )
[    0.000000] ACPI: XSDT 0x000000003FFF0030 00003C (v01 VBOX   VBOXXSDT 00000001 ASL  00000061)
[    0.000000] ACPI: FACP 0x000000003FFF00F0 0000F4 (v04 VBOX   VBOXFACP 00000001 ASL  00000061)
[    0.000000] ACPI: DSDT 0x000000003FFF0470 0021FF (v02 VBOX   VBOXBIOS 00000002 INTL 20160831)
[    0.000000] ACPI: FACS 0x000000003FFF0200 000040
[    0.000000] ACPI: FACS 0x000000003FFF0200 000040
[    0.000000] ACPI: APIC 0x000000003FFF0240 00005C (v02 VBOX   VBOXAPIC 00000001 ASL  00000061)
[    0.000000] ACPI: SSDT 0x000000003FFF02A0 0001CC (v01 VBOX   VBOXCPUT 00000002 INTL 20160831)
[    0.000000] No NUMA configuration found
[    0.000000] Faking a node at [mem 0x0000000000000000-0x000000003ffeffff]
[    0.000000] NODE_DATA(0) allocated [mem 0x3fb0-0x3ffff]
[    0.000000] kvm-clock: Using msrs 4b564d0 ad 4b564d00
[    0.000] vm-clock cu 0, msr 0:3ffe3001, primary cpu clock
[    0.000000] kvm-clock: using sched offset of 3088257066 cycles
[    0.000000] clocksource: kvm-clock: mask: 0xffffffffffffffff max_cycles: 0x1cd42e4dffb, max_idle_ns: 881590591483 ns
[    0.000000] Zone ranges:
[    0.000000]   DMA      [mem 0x0000000000001000-0x0000000000ffffff]
[    0.000000]   DMA32    [mem 0x0000000001000000-0x000000003ffeff
[   .0000]   Normal   empty
[    0.000000]   Device   empty
[    0.000000] Movable zone start for each node
[    0.000000] Early memory node ranges
[    0.000000]   node   0: [mem 0x0000000000001000-0x000000000009efff]
[    0.000000]   node   0: [mem 0x0000000000100000-0x000000003ffeffff]
[    0.000000] Initmem setup node 0 [mem0x000000000000-0x000000003ffeffff]
[    0.000000] ACI:PM-Timer IO Port: 0x4008
[    0.00000] APIC[0]: apic_id 2, version 32, address 0xfec00000, GSI 0-23
[    0.000000] ACPI: INT_SRC_OVR (bus 0 bus_irq 0 global_irq 2 dfl dfl)
[    0.000000] ACPI: INT_SRC_OVR (bus 0 bus_irq 9 global_irq 9 low level)
[    0.000000] Using ACPI (MADT) for SMP configuration information
[    0.000000] smpboot: Allowing 2 CPUs 0hoplug CPUs
[    0.000000] PM: Registered nosave memory: [mem 0x00000000-0x00000fff]
[    0.000000] PM: Registered nosave mmo: [mem 0x0009f000-0x0009ffff]
[    0.000000] PM: Registeednosae mory: [mem 0x000a0000-0x000effff]
[   0.000000] PM: Registered nosavmery: [mem 0x000f0000-0x000fffff]
[    0.000000] e820: [mem 0x40000000-0xfebfffff] available for PCI devices
[    0.000000] Booting paravirtualized krnel on KVM
[    0.000000] clocksource: refined-jiffesmask: 0xffffffff max_cycles: 0xffffffff, max_idle_ns: 451900211568 ns
[    0.000000] setup_percu:NR_CPUS:512 nr_cpumask_bits:512 r_cpu_ids:2 nrnode_ids:1
[    0.000000] PERCPU: Embedded 34 pages/cu ff880003fc00000 s99544 r8192 d31528 u1048576
[    0.000000] PV qspinlock hash table entries: 256 (order: 0, 4096 bytes)
[    0.000000] Built 1 zonelists in Node order, mobility grouping on.  Total pages: 257913
[    0.000000] Policy zone: DMA32
[    0.000000] Kernel command line: BOOT_IMAGE=/boot/vmlinuz-4.4.0-112-generic root=LABEL=cloudmgrootfs ro console=tty1 conol=ttyS0
[    0.000000] PID hash table entries: 4096 (order: 3, 32768 bytes)
[    0.000000] Memory: 1001740K/1048120K available (8499K kernel code, 1309K rwdata, 3988K rodata, 1508K init, 1316K bss, 46380K reserved, 0K cma-reserved)
[    0.000000] SLUB: HWalign=64, Order=0-3, MinObjects=0, CPUs=2, Nodes=1
[    0.000000] Kernel/User page tables isolation: enabled
[    0.000000] Hierarchical RCU implementation.
[    0.000000] 	Build-time adjustment of leaf fanout to 64.
[    0.000000] 	RCU restricting CPUs from NR_CPUS=512 to nr_cpu_ids=2.
[    0.000000] RCU: Adjusting geometry for rcu_fanout_leaf=64, nr_cpu_ids=2
[    0.000000] NR_IRQS:33024 nr_irqs:440 16
[    0.000000] Console: colour VGA+ 80x25
[    0.000000] console [tty1] enabled
[    0.000000] console [ttyS0] enabled
[    0.000000] tsc: Detected 2208.438 MHz processor
[    7.510537] Calibrating delay loop (skipped) preset value.. 4416.87 BogoMIPS (lpj=8833752)
[    7.512627] pid_max: default: 32768 minimum: 301
[    7.513786] ACPI: Core revision 20150930
[    7.516871] ACPI: 2 ACPI AML tables successfully acquired and loaded
[    7.621769] Security Framework initialized
[    7.695019] Yama: becoming mindful.
[    7.696647] AppArmor: AppArmor initialized
[    7.760559] Dentry cache hash table entries: 131072 (order: 8, 1048576 bytes)
[    7.807868] Inode-cache hash table entries: 65536 (order: 7, 524288 bytes)
[    7.913922] Mount-cache hash table entries: 2048 (order: 2, 16384 bytes)
[    8.019419] Mountpoint-cache hash table entries: 2048 (order: 2, 16384 bytes)
[    8.119564] Initializing cgroup subsys io
[    8.193966] Initializing cgroup subsys memory
[    8.280506] Initializing cgroup subsys devices
[    8.366863] Initializing cgroup subsys freezer
[    8.368433] Initializing cgroup subsys net_cls
[    8.453650] Initializing cgroup subsys perf_event
[    8.553607] Initializing cgroup subsys net_prio
[    8.649502] Initializing cgroup subsys hugetlb
[    8.725651] Initializing cgroup subsys pids
[    8.747554] CPU: Physical Processor ID: 0
[    8.818207] CPU: Processor Core ID: 0
[    8.880300] FEATURE SPEC_CTRL Not Present
[    8.947110] mce: CPU supports 0 MCE banks
[    9.017540] Last level iTLB entries: 4KB 64, 2MB 8, 4MB 8
[    9.120142] Last level dTLB entries: 4KB 64, 2MB 0, 4MB 0, 1GB 4
[    9.233842] Freeing SMP alternatives memory: 32K
[    9.325661] ftrace: allocating 32180 entries in 126 pages
[    9.472581] smpboot: APIC(0) Converting physical 0 to logical package 0
[    9.597534] smpboot: Max logical packages: 1
[    9.677657] x2apic enabled
[    9.725618] Switched APIC routing to physical x2apic.
[    9.819065] ..TIMER: vector=0x30 apic1=0 pin1=2 apic2=-1 pin2=-1
[   10.037420] smpboot: CPU0: Intel(R) Core(TM) i7-6560U CPU @ 2.20GHz (family: 0x6, model: 0x4e, stepping: 0x3)
[   10.219846] Performance Events: unsupported p6 CPU model 78 no PMU driver, software events only.
[   10.314828] KVM setup paravirtual spinlock
[   10.316467] x86: Booting SMP configuration:
[   10.381846] .... node  #0, CPUs:      #1
[   10.449631] kvm-clock: cpu 1, msr 0:3ffe3041, secondary cpu clock
[   10.475263] mce: CPU supports 0 MCE banks
[   10.491544] x86: Booted up 1 node, 2 CPUs
[   10.524262] smpboot: Total of 2 processors activated (8833.75 BogoMIPS)
[   10.577662] devtmpfs: initialized
[   10.605591] evm: security.selinux
[   10.630300] evm: security.SMACK64
[   10.656027] evm: security.SMACK64EXEC
[   10.685136] evm: security.SMACK64TRANSMUTE
[   10.717217] evm: security.SMACK64MMAP
[   10.748182] evm: security.ima
[   10.769502] evm: security.capability
[   10.799772] clocksource: jiffies: mask: 0xffffffff max_cycles: 0xffffffff, max_idle_ns: 7645041785100000 ns
[   10.872054] futex hash table entries: 512 (order: 3, 32768 bytes)
[   10.919999] pinctrl core: initialized pinctrl subsystem
[   10.965996] RTC time:  4:33:03, date: 02/10/18
[   11.000916] NET: Registered protocol family 16
[   11.045325] cpuidle: using governor ladder
[   11.088871] cpuidle: using governor menu
[   11.119533] PCCT header not found.
[   11.149809] ACPI: bus type PCI registered
[   11.179609] acpiphp: ACPI Hot Plug PCI Controller Driver version: 0.5
[   11.245268] PCI: Using configuration type 1 for base access
[   11.334152] ACPI: Added _OSI(Module Device)
[   11.373549] ACPI: Added _OSI(Processor Device)
[   11.408752] ACPI: Added _OSI(3.0 _SCP Extensions)
[   11.415198] ACPI: Added _OSI(Processor Aggregator Device)
[   11.417389] ACPI: Executed 1 blocks of module-level executable AML code
[   11.451635] ACPI: Interpreter enabled
[   11.479569] ACPI: (supports S0 S5)
[   11.508007] ACPI: Using IOAPIC for interrupt routing
[   11.544917] PCI: Using host bridge windows from ACPI; if necessary, use "pci=nocrs" and report a bug
[   11.620710] ACPI: PCI Root Bridge [PCI0] (domain 0000 [bus 00-ff])
[   11.668506] acpi PNP0A03:00: _OSC: OS supports [ASPM ClockPM Segments MSI]
[   11.728790] acpi PNP0A03:00: _OSC: not requesting OS control; OS requires [ExtendedConfig ASPM ClockPM MSI]
[   11.804051] acpi PNP0A03:00: fail to add MMCONFIG information, can't access extended PCI configuration space under this bridge.
[   11.893355] PCI host bridge to bus 0000:00
[   11.925637] pci_bus 0000:00: root bus resource [io  0x0000-0x0cf7 window]
[   11.976802] pci_bus 0000:00: root bus resource [io  0x0d00-0xffff window]
[   12.029665] pci_bus 0000:00: root bus resource [mem 0x000a0000-0x000bffff window]
[   12.087771] pci_bus 0000:00: root bus resource [mem 0x40000000-0xfdffffff window]
[   12.145915] pci_bus 0000:00: root bus resource [bus 00-ff]
[   12.191113] pci 0000:00:01.1: legacy IDE quirk: reg 0x10: [io  0x01f0-0x01f7]
[   12.244540] pci 0000:00:01.1: legacy IDE quirk: reg 0x14: [io  0x03f6]
[   12.296726] pci 0000:00:01.1: legacy IDE quirk: reg 0x18: [io  0x0170-0x0177]
[   12.353906] pci 0000:00:01.1: legacy IDE quirk: reg 0x1c: [io  0x0376]
[   12.436426] pci 0000:00:07.0: quirk: [io  0x4000-0x403f] claimed by PIIX4 ACPI
[   12.530317] pci 0000:00:07.0: quirk: [io  0x4100-0x410f] claimed by PIIX4 SMB
[   12.613770] ACPI: PCI Interrupt Link [LNKA] (IRQs 5 9 10 *11)
[   12.659909] ACPI: PCI Interrupt Link [LNKB] (IRQs 5 9 *10 11)
[   12.711846] ACPI: PCI Interrupt Link [LNKC] (IRQs 5 *9 10 11)
[   12.759572] ACPI: PCI Interrupt Link [LNKD] (IRQs 5 9 10 *11)
[   12.811789] ACPI: Enabled 2 GPEs in block 00 to 07
[   12.846002] vgaarb: setting as boot device: PCI:0000:00:02.0
[   12.892507] vgaarb: device added: PCI:0000:00:02.0,decodes=io+mem,owns=io+mem,locks=none
[   12.957024] vgaarb: loaded
[   12.980369] vgaarb: bridge control possible 0000:00:02.0
[   13.011891] SCSI subsystem initialized
[   13.041654] ACPI: bus type USB registered
[   13.075572] usbcore: registered new interface driver usbfs
[   13.124564] usbcore: registered new interface driver hub
[   13.169930] usbcore: registered new device driver usb
[   13.198661] PCI: Using ACPI for IRQ routing
[   13.236853] NetLabel: Initializing
[   13.267471] NetLabel:  domain hash size = 128
[   13.268546] NetLabel:  protocols = UNLABELED CIPSOv4
[   13.269758] NetLabel:  unlabeled traffic allowed by default
[   13.271211] amd_nb: Cannot enumerate AMD northbridges
[   13.272435] clocksource: Switched to clocksource kvm-clock
[   13.281357] AppArmor: AppArmor Filesystm abd  3.19] p:nPCPI init
[   13.925480]pn: P PIfod dece

[   14.356512] clocksource: acpi_pm: mask: 0xffffff max_cycles: 0xffffff, max_idle_ns: 2085701024 ns
[   14.369038] NET: Registered protocol family 2
[   14.376851] TCP established hash table entries: 8192 (order: 4, 65536 bytes)
[   14.379899] TCP bind hash table entries: 8192 (order: 5, 131072 bytes)
[   14.499236] TCP: Hash tables configured (established 8192 bind 8192)
[   14.503046] UDP hash table entries: 512 (order: 2, 16384 bytes)
[   14.504391] UDP-Lite hash table entries: 512 (order: 2, 16384 bytes)
[   14.505840] NET: Registered protocol family 1
[   14.506944] pci 0000:00:00.0: Limiting direct PCI/PCI transfers
[   14.509573] pci 0000:00:01.0: Activating ISA DMA hang workarounds
[   14.511743] Unpacking initramfs...
[   16.775590] Freeing initrd memory: 10792K
[   16.825097] platform rtc_cmos: registered platform RTC device (no PNP device found)
[   16.925403] Scanning for low memory corruption every 60 seconds
[   16.994528] audit: initializing netlink subsys (disabled)
[   17.056968] audit: type=2000 audit(1518237181.031:1): initialized
[   17.128757] Initialise system trusted keyring
[   17.150685] HugeTLB registered 2 MB page size, pre-allocated 0 pages
[   17.223472] zbud: loaded
[   17.308810] VFS: Disk quotas dquot_6.6.0
[   17.448475] VFS: Dquot-ace as tble entries: 512 (order 0, 4096 bytes)
  7.6914] squashfs: version 4.0 (2009/01/31) Phillip Lougher
[ 18784]scReneTSclksrccabrio 27.3 z
[   18.899674] clocksource: tsc:ma: ffffffff m_cle 0fdfc4dmaid_n 4792012 ns
[   18.900] us it PIeron.2
[   18.900271] Key type big_key registered
[   18.900300] Allocating IMA MOK and blacklist keyrings.
[   18.900614] Key type asymmetric registered
[   18.900620] Asymmetric key parser 'x509' registered
[   18.900655] Block layer SCSI generic (bsg) driver version 0.4 loaded (major 249)
[   18.900682] io scheduler noop registered
[   18.900683] io scheduler deadline registered (default)
[   18.900711] io scheduler cfq registered
[   18.900808] pci_hotplug: PCI Hot Plug PCI Core version: 0.5
[   18.900813] pciehp: PCI Express Hot Plug Controller Driver version: 0.4
[   18.900960] ACPI: AC Adapter [AC] (on-line)
[   18.901030] input: Power Button as /devices/LNXSYSTM:00/LNXPWRBN:00/input/input0
[   18.901033] ACPI: Power Button [PWRF]
[   18.901119] input: Sleep Button as /devices/LNXSYSTM:00/LNXSLPBN:00/input/input1
[   18.901121] ACPI: Sleep Button [SLPF]
[   18.901304] GHES: HEST is not enabled!
[   18.901409] Serial: 8250/16550 driver, 32 ports, IRQ sharing enabled
[   19.939356] 00:02: ttyS0 at I/O 0x3f8 (irq = 4, base_baud = 115200) is a 16550A
[   20.369903] Linux agpgart interface v0.103
[   20.423744] loop: module loaded
[   20.424380] scsi host0: ata_piix
[   20.424445] scsi host1: ata_piix
[   20.424483] ata1: PATA max UDMA/33 cmd 0x1f0 ctl 0x3f6 bmdma 0xd000 irq 14
[   20.424484] ata2: PATA max UDMA/33 cmd 0x170 ctl 0x376 bmdma 0xd008 irq 15
[   20.424574] libphy: Fixed MDIO Bus: probed
[   20.424577] tun: Universal TUN/TAP device driver, 1.6
[   20.424577] tun: (C) 1999-2004 Max Krasnyansky <maxk@qualcomm.com>
[   20.424651] PPP generic driver version 2.4.2
[   20.424707] ehci_hcd: USB 2.0 'Enhanced' Host Controller (EHCI) Driver
[   20.424710] ehci-pci: EHCI PCI platform driver
[   20.424725] ehci-platform: EHCI generic platform driver
[   20.424734] ohci_hcd: USB 1.1 'Open' Host Controller (OHCI) Driver
[   20.424740] ohci-pci: OHCI PCI platform driver
[   20.424749] ohci-platform: OHCI generic platform driver
[   20.424756] uhci_hcd: USB Universal Host Controller Interface driver
[   20.424817] i8042: PNP: PS/2 Controller [PNP0303:PS2K,PNP0f03:PS2M] at 0x60,0x64 irq 1,12
[   20.425917] ACPI: Battery Slot [BAT0] (battery present)
[   20.474258] serio: i8042 KBD port at 0x60,0x64 irq 1
[   20.474266] serio: i8042 AUX port at 0x60,0x64 irq 12
[   20.474562] mousedev: PS/2 mouse device common for all mice
[   20.474897] rtc_cmos rtc_cmos: rtc core: registered rtc_cmos as rtc0
[   20.474959] rtc_cmos rtc_cmos: alarms up to one day, 114 bytes nvram
[   20.474966] i2c /dev entries driver
[   20.475032] device-mapper: uevent: version 1.0.3
[   20.475096] device-mapper: ioctl: 4.34.0-ioctl (2015-10-28) initialised: dm-devel@redhat.com
[   20.475116] ledtrig-cpu: registered to indicate activity on CPUs
[   20.475461] NET: Registered protocol family 10
[   20.475627] NET: Registered protocol family 17
[   20.475637] Key type dns_resolver registered
[   20.637594] microcode: CPU0 sig=0x406e3, pf=0x2, revision=0x0
[   20.637720] microcode: CPU1 sig=0x406e3, pf=0x2, revision=0x0
[   20.637785] microcode: Microcode Update Driver: v2.01 <tigran@aivazian.fsnet.co.uk>, Peter Oruba
[   20.637933] registered taskstats version 1
[   20.637948] Loading compiled-in X.509 certificates
[   20.638645] Loaded X.509 cert 'Build time autogenerated kernel key: 4c603087bab8f0a02cb3b4e1fb4c40f507e71ef1'
[   20.638667] zswap: loaded using pool lzo/zbud
[   20.640713] Key type trusted registered
[   20.644352] Key type encrypted registered
[   20.644359] AppArmor: AppArmor sha1 policy hashing enabled
[   20.644363] ima: No TPM chip found, activating TPM-bypass!
[   20.644383] evm: HMAC attrs: 0x1
[   20.644706]   Magic number: 6:177:565
[   20.817004] rtc_cmos rtc_cmos: setting system clock to 2018-02-10 04:33:12 UTC (1518237192)
[   20.817160] BIOS EDD facility v0.16 2004-Jun-25, 0 devices found
[   20.817161] EDD information not available.
[   21.117890] input: AT Translated Set 2 keyboard as /devices/platform/i8042/serio0/input/input2
[   23.646567] Freeing unused kernel memory: 1508K
[   23.651232] Write protecting the kernel read-only data: 14336k
[   23.652947] Freeing unused kernel memory: 1728K
[   23.657856] Freeing unused kernel memory: 108K
Loading, please wait...
starting version[   23.682202] random: systemd-udevd: uninitialized urandom read (16 bytes read, 7 bits of entropy available)
 229
[   23.683000] random: udevadm: uninitialized urandom read (16 bytes read, 7 bits of entropy available)
[   23.683031] random: udevadm: uninitialized urandom read (16 bytes read, 7 bits of entropy available)
[   23.697917] random: udevadm: uninitialized urandom read (16 bytes read, 7 bits of entropy available)
[   23.697979] random: udevadm: uninitialized urandom read (16 bytes read, 7 bits of entropy available)
[   23.698211] random: udevadm: uninitialized urandom read (16 bytes read, 7 bits of entropy available)
[   23.698297] random: udevadm: uninitialized urandom read (16 bytes read, 7 bits of entropy available)
[   23.698381] random: udevadm: uninitialized urandom read (16 bytes read, 7 bits of entropy available)
[   23.698470] random: udevadm: uninitialized urandom read (16 bytes read, 7 bits of entropy available)
[   23.698556] random: udevadm: uninitialized urandom read (16 bytes read, 7 bits of entropy available)
[   23.991562] e1000: Intel(R) PRO/1000 Network Driver - version 7.3.21-k8-NAPI
[   24.027801] e1000: Copyright (c) 1999-2006 Intel Corporation.
[   24.062626] Fusion MPT base driver 3.04.20
[   24.104409] Copyright (c) 1999-2008 LSI Corporation
[   24.153132] Fusion MPT SPI Host driver 3.04.20
[   24.348251] input: ImExPS/2 Generic Explorer Mouse as /devices/platform/i8042/serio1/input/input4
[   24.724225] AVX2 version of gcm_enc/dec engaged.
[   24.732991] AES CTR mode by8 optimization enabled
[   25.078397] e1000 0000:00:03.0 eth0: (PCI:33MHz:32-bit) 02:69:07:7b:a1:bd
[   25.154248] e1000 0000:00:03.0 eth0: Intel(R) PRO/1000 Network Connection
[   25.229884] mptbase: ioc0: Initiating bringup
[   25.648297] ioc0: LSI53C1030 A0: Capabilities={Initiator}
[   26.121828] scsi host2: ioc0: LSI53C1030 A0, FwRev=00000000h, Ports=1, MaxQ=256, IRQ=20
[   27.076775] floppy0: no floppy controllers found
[   27.137047] scsi 2:0:0:0: Direct-Access     VBOX     HARDDISK         1.0  PQ: 0 ANSI: 5
[   27.167132] scsi target2:0:0: Beginning Domain Validation
[   27.170433] scsi target2:0:0: Domain Validation skipping write tests
[   27.177247] scsi target2:0:0: Ending Domain Validation
[   27.178579] scsi target2:0:0: asynchronous
[   27.180374] scsi 2:0:1:0: Direct-Access     VBOX     HARDDISK         1.0  PQ: 0 ANSI: 5
[   27.185255] scsi target2:0:1: Beginning Domain Validation
[   27.190862] scsi target2:0:1: Domain Validation skipping write tests
[   27.204920] scsi target2:0:1: Ending Domain Validation
[   27..11440] scsi target2:0:1: asynchronous
[   27.225567] sd 2:0:0:0: Attached scsi generic sg0 type 0
[   27.256605] sd 2:0:0:0: [sda] 20971520 512-byte logical blocks: (10.7 GB/10.0 GiB)
[   27.265098] sd 2:0:0:0: [sda] Write Protect is off
[   27.267402] sd 2:0:0:0: [sda] Incomplete mode parameter data
[   27.277164] sd 2:0:0:0: [sda] Assuming drive cache: write through
[   27.316975] sd 2:0:1:0: Attached scsi generic sg1 type 0
[   27.351099] sd 2:0:1:0: [sdb] 20480 512-byte logical blocks: (10.5 MB/10.0 MiB)
[   27.375645] sd 2:0:1:0: [sdb] Write Protect is off
[   27.405635] sd 2:0:1:0: [sdb] Incomplete mode parameter data
[   27.432282] sd 2:0:1:0: [sdb] Assuming drive cache: write through
[   27.464008]  sda: sda1
[   27.477617] sd 2:0:0:0: [sda] Attached SCSI disk
[   27.525106] sd 2:0:1:0: [sdb] Attached SCSI disk
[   27.529642] e1000 0000:00:08.0 eth1: (PCI:33MHz:32-bit) 08:00:27:74:c3:49
[   27.529647] e1000 0000:00:08.0 eth1: Intel(R) PRO/1000 Network Connection
[   27.571828] e1000 0000:00:08.0 enp0s8: renamed from eth1
[   27.588745] e1000 0000:00:03.0 enp0s3::renamed from eth0
Begin: Loading e[   29.089618] md: linear personality registered for level -1
ssential drivers ... [   29.100473] md: multipath personality registered for level -4
[   29.176660] md: raid0 personality registered for level 0
[   29.248997] md: raid1 personality registered for level 1
[   29.388459] raid6: sse2x1   gen() 10236 MB/s
[   29.504509] raid6: sse2x1   xor()  8098 MB/s
[   29.620494] raid6: sse2x2   gen() 13285 MB/s
[   29.740473] raid6: sse2x2   xor()  9205 MB/s
[   29.860454] raid6: sse2x4   gen() 15262 MB/s
[   29.988500] raid6: sse2x4   xor()  8944 MB/s
[   30.104510] raid6: avx2x1   gen() 21578 MB/s
[   30.220493] raid6: avx2x2   gen() 24492 MB/s
[   30.340471] raid6: avx2x4   gen() 27121 MB/s
[   30.404900] raid6: using algorithm avx2x4 gen() 27121 MB/s
[   30.468941] raid6: using avx2x2 recovery algorithm
[   30.531307] xor: automatically using best checksumming function:
[   30.633494]    avx       : 50328.000 MB/sec
[   30.706896] async_tx: api initialized (async)
[   30.723462] md: raid6 personality registered for level 6
[   30.786190] md: raid5 personality registered for level 5
[   30.841013] md: raid4 personality registered for level 4
[   30.847869] md: raid10 personality registered for level 10
done.
Begin: Running /scripts/init-premount ... done.
Begin: Mounting root file system ... Begin: Running /scripts/local-top ... done.
Begin: Running[   30.958481] Btrfs loaded
 /scripts/local-premount ... Scanning for Btrfs filesystems
done.
Warning: fsck no[   31.145146] EXT4-fs (sda1): mounted filesystem with ordered data mode. Opts: (null)
t present, so skipping root file system
done.
Begin: Running /scripts/local-bottom ... done.
Begin: Running /scripts/init-bottom ... done.
[   31.345575] systemd[1]: systemd 229 running in system mode. (+PAM +AUDIT +SELINUX +IMA +APPARMOR +SMACK +SYSVINIT +UTMP +LIBCRYPTSETUP +GCRYPT +GNUTLS +ACL +XZ -LZ4 +SECCOMP +BLKID +ELFUTILS +KMOD -IDN)
[   31.534281] systemd[1]: Detected virtualization oracle.
[   31.592952] systemd[1]: Detected architecture x86-64.

Welcome to [1mUbuntu 16.04.3 LTS[0m!

[   31.666226] systemd[1]: Set hostname to <ubuntu>.
[   31.722736] systemd[1]: Initializing machine ID from random generator.
[   31.793362] systemd[1]: Installed transient /etc/machine-id file.
[   31.963594] random: nonblocking pool is initialized
[   32.134106] systemd[1]: Listening on Journal Socket.
[[0;32m  OK  [0m] Listening on Journal Socket.
[   32.141954] systemd[1]: Started Trigger resolvconf update for networkd DNS.
[[0;32m  OK  [0m] Started Trigger resolvconf update for networkd DNS.
[   32.217932] systemd[1]: Created slice User and Session Slice.
[[0;32m  OK  [0m] Created slice User and Session Slice.
[   32.220800] systemd[1]: Listening on udev Control Socket.
[[0;32m  OK  [0m] Listening on udev Control Socket.
[   32.223545] systemd[1]: Listening on LVM2 metadata daemon socket.
[[0;32m  OK  [0m] Listening on LVM2 metadata daemon socket.
[   32.226447] systemd[1]: Reached target User and Group Name Lookups.
[[0;32m  OK  [0m] Reached target User and Group Name Lookups.
[   32.229595] systemd[1]: Set up automount Arbitrary Executable File Formats File System Automount Point.
[[0;32m  OK  [0m] Set up automount Arbitrary Executab...ats File System Automount Point.
[   32.233693] systemd[1]: Listening on Syslog Socket.
[[0;32m  OK  [0m] Listening on Syslog Socket.
[   32.236696] systemd[1]: Created slice System Slice.
[[0;32m  OK  [0m] Created slice System Slice.
[   32.252926] systemd[1]: Starting Set console keymap...
         Starting Set console keymap...
[   32.273101] systemd[1]: Mounting POSIX Message Queue File System...
         Mounting POSIX Message Queue File System...
[   32.386776] systemd[1]: Starting Create list of required static device nodes for the current kernel...
         Starting Create list of required st... nodes for the current kernel...
[   32.544950] systemd[1]: Starting Uncomplicated firewall...
         Starting Uncomplicated firewall...
[   32.604718] systemd[1]: Starting Load Kernel Modules...
[   32.661261] Loading iSCSI transport class v2.0-870.
         Starting Load Kernel Mo[   32.674101] iscsi: registered transport (tcp)
dules...
[   32.748656] systemd[1]: Reached target Slices.
[[0;32m  OK  [0m] Reached target Slices.
[   32.773744] iscsi: registered transport (iser)
[   32.828814] systemd[1]: Mounting Huge Pages File System...
         Mounting Huge Pages File System...
[   32.845808] systemd[1]: Starting Nameserver information manager...
         Starting Nameserver information manager...
[   32.867382] systemd[1]: Starting Remount Root and Kernel File Systems...
[   32.872155] EXT4-fs (sda1): re-mounted. Opts: (null)
         Starting Remount Root and Kernel File Systems...
[   32.912534] systemd[1]: Mounting Debug File System...
         Mounting Debug File System...
[   32.964674] systemd[1]: Listening on Device-mapper event daemon FIFOs.
[[0;32m  OK  [0m] Listening on Device-mapper event daemon FIFOs.
[   33.008635] systemd[1]: Starting Monitoring of LVM2 mirrors, snapshots etc. using dmeventd or progress polling...
         Starting Monitoring of LVM2 mirrors... dmeventd or progress polling...
[   33.146091] systemd[1]: Listening on udev Kernel Socket.
[[0;32m  OK  [0m] Listening on udev Kernel Socket.
[   33.236848] systemd[1]: Started Forward Password Requests to Wall Directory Watch.
[[0;32m  OK  [0m] Started Forward Password Requests to Wall Directory Watch.
[   33.289896] systemd[1]: Listening on /dev/initctl Compatibility Named Pipe.
[[0;32m  OK  [0m] Listening on /dev/initctl Compatibility Named Pipe.
[   33.292810] systemd[1]: Listening on Journal Audit Socket.
[[0;32m  OK  [0m] Listening on Journal Audit Socket.
[   33.297998] systemd[1]: Reached target Swap.
[[0;32m  OK  [0m] Reached target Swap.
[   33.324184] systemd[1]: Listening on Journal Socket (/dev/log).
[[0;32m  OK  [0m] Listening on Journal Socket (/dev/log).
[   33.407832] systemd[1]: Starting Journal Service...
         Starting Journal Service...
[   33.488666] systemd[1]: Reached target Encrypted Volumes.
[[0;32m  OK  [0m] Reached target Encrypted Volumes.
[   33.537992] systemd[1]: Created slice system-serial\x2dgetty.slice.
[[0;32m  OK  [0m] Created slice system-serial\x2dgetty.slice.
[   33.547793] systemd[1]: Listening on LVM2 poll daemon socket.
[[0;32m  OK  [0m] Listening on LVM2 poll daemon socket.
[   33.561715] systemd[1]: Mounted Debug File System.
[[0;32m  OK  [0m] Mounted Debug File System.
[   33.612670] systemd[1]: Mounted Huge Pages File System.
[[0;32m  OK  [0m] Mounted Huge Pages File System.
[   33.659734] systemd[1]: Mounted POSIX Message Queue File System.
[[0;32m  OK  [0m] Mounted POSIX Message Queue File System.
[  3.794694] systemd[1]: Started JournalSevice.

[[0;32m  OK  [0m] Started Journal Service.
[[0;32m  OK  [0m] Started Set console keymap.
[[0;32m  OK  [0m] Started Create list of required sta...ce nodes for the current kernel.
[[0;32m  OK  [0m] Started Uncomplicated firewall.
[[0;32m  OK  [0m] Started Load Kernel Modules.
[[0;32m  OK  [0m] Started Remount Root and Kernel File Systems.
[[0;32m  OK  [0m] Started Nameserver information manager.
[[0;32m  OK  [0m] Started LVM2 metadata daemon.
         Starting udev Coldplug all Devices...
         Starting Initial cloud-init job (pre-networking)...
         Starting Load/Save Random Seed...
         Starting Apply Kernel Variables...
         Mounting FUSE Control File System...
         Starting Create Static Device Nodes in /dev...
         Starting Flush Journal to Persistent Storage...
[[0;32m  OK  [0m] Mounted FUSE Control File System.
[[0;32m  OK  [0m] Started Load/Save Random Seed.
[[0;32m  OK  [0m] Started Apply Kernel Variables.
[[0;32m  OK  [0m] Started Create Static Device Nodes in /dev.
[[0;32m  OK  [0m] Started udev Coldplug all Devices.
[[0;32m  OK  [0m] Started Flush Journal to Persistent Storage.
         Starting udev Kernel Device Manager...
[[0;32m  OK  [0m] Started udev Kernel Device Manager.
[[0;32m  OK  [0m] Started Dispatch Password Requests to Console Directory Watch.
[[0;32m  OK  [0m] Started Monitoring of LVM2 mirrors,...ng dmeventd or progress polling.
[[0;32m  OK  [0m] Reached target Local File Systems (Pre).
[[0;32m  OK  [0m] Reached target Local File Systems.
         Starting Create Volatile Files and Directories...
         Starting Set console font and keymap...
         Starting LSB: AppArmor initialization...
         Starting Tell Plymouth To Write Out Runtime Data...
         Starting Commit a transient machine-id on disk...
[[0;32m  OK  [0m] Started Create Volatile Files and Directories.
[[0;32m  OK  [0m] Started Tell Plymouth To Write Out Runtime Data.
[[0;32m  OK  [0m] Started Commit a transient machine-id on disk.
[[0;32m  OK  [0m] Found device /dev/ttyS0.
         Starting Update UTMP about System Boot/Shutdown...
[[0;32m  OK  [0m] Reached target System Time Synchronized.
[[0;32m  OK  [0m] Started Update UTMP about System Boot/Shutdown.
[[0;32m  OK  [0m] Listening on Load/Save RF Kill Switch Status /dev/rfkill Watch.
[   23.787530] cloud-init[447]: Cloud-init v. 17.1 running 'init-local' at Sat, 10 Feb 2018 04:33:27 +0000. Up 23.04 seconds.
[[0;32m  OK  [0m] Started Initial cloud-init job (pre-networking).
[[0;32m  OK  [0m] Reached target Network (Pre).
[[0;32m  OK  [0m] Started Set console font and keymap.
[[0;32m  OK  [0m] Started LSB: AppArmor initialization.
         Starting Raise network interfaces...
[[0;32m  OK  [0m] Created slice system-getty.slice.
[[0;32m  OK  [0m] Started Raise network interfaces.
[[0;32m  OK  [0m] Reached target Network.
         Starting Initial cloud-init job (metadata service crawler)...
[   27.069613] cloud-init[955]: Cloud-init v. 17.1 running 'init' at Sat, 10 Feb 2018 04:33:30 +0000. Up 26.31 seconds.
[   27.121284] cloud-init[955]: ci-info: +++++++++++++++++++++++++++++++++++++Net device info++++++++++++++++++++++++++++++++++++++
[[0;32m  OK  [0m[   27.153329] ] cloud-initStarted Initial cloud-init job (metadata service crawler).[955]: 
ci-info: +--------+-------+---------------------------+---------------+-------+-------------------+
[   27.153740] cloud-init[955]: ci-info: | Device |   Up  |          Address          |      Mask     | Scope |     Hw-Address    |
[   27.220339] cloud-init[955]: ci-info: +--------+-------+---------------------------+---------------+-------+-------------------+
[[0;32m  OK  [0m] Reached target System Initialization.
[   27.220940] cloud-init[955]: ci-info: | enp0s3 |  True |         10.0.2.15         | 255.255.255.0 |   .   | 02:69:07:7b:a1:bd |
[   27.243940] cloud-init[955]: ci-info: | enp0s3 |  True | fe80::69:7ff:fe7b:a1bd/64 |       .       |  link | 02:69:07:7b:a1:bd |
[[0;32m  OK  [0m] Started Daily Cleanup of Temporary Directories.
[   27.244044] cloud-init[955]: ci-info: | enp0s8 | False |             .             |       .       |   .   | 08:00:27:74:c3:49 |
[   27.419787] cloud-init[955]: ci-info: |   lo   |  True |         127.0.0.1         |   255.0.0.0   |   .   |         .         |
[[0;32m  OK  [0m] Listening on ACPID Listen Socket.
[   27.419930] cloud-init[955]: ci-info: |   lo   |  True |          ::1/128          |       .       |  host |         .         |
[   27.684316] cloud-init[955]: ci-info: +--------+-------+---------------------------+---------------+-------+-------------------+
[   27.684629] cloud-init[955]: ci-info: +++++++++++++++++++++++++++Route IPv4 info++++++++++++++++++++++++++++
[[0;32m  OK  [0m] Started ACPI Events Check.
[   27.684724] cloud-init[955]: ci-info: +-------+-------------+----------+---------------+-----------+-------+
[   27.777457] cloud-init[955]: ci-info: | Route | Destination | Gateway  |    Genmask    | Interface | Flags |
[[0;32m  OK  [0m] Reached target Paths.
[   27.777957] cloud-init[955]: ci-info: +-------+-------------+----------+---------------+-----------+-------+
[   27.837763] cloud-init[955]: ci-info: |   0   |   0.0.0.0   | 10.0.2.2 |    0.0.0.0    |   enp0s3  |   UG  |
[[0;32m  OK  [0m] Listening on D-Bus System Message Bus Socket.
         [   27.838150] Starting Socket activation for snappy daemon.cloud-init
[955]: ci-info: |   1   |   10.0.2.0  | 0.0.0.0  | 255.255.255.0 |   enp0s3  |   U   |
[   27.888883] cloud-init[955]: ci-info: +-------+-------------+----------+---------------+-----------+-------+
[   27.889356] cloud-init[955]: Generating public/private rsa key pair.
[[0;32m  OK  [0m] Listening on UUID daemon activation socket.
[   27.889562] cloud-init[955]: Your identification has been saved in /etc/ssh/ssh_host_rsa_key.
[[   27.896561] cloud-init[955]: Your public key has been saved in /etc/ssh/ssh_host_rsa_key.pub.
[   27.897331] cloud-init[955]: The key fingerprint is:
[0;32m  OK  [0m] Started Timer to automatically refresh installed snaps.
[   27.897524] cloud-init[955]: SHA256:/7p5GtGYd84SL4y2fQMqyS2zvpxA9xEOgzL1QJ3nO1w root@ubuntu-xenial
[   27.992383] cloud-init[955]: The key's randomart image is:
[   27.992740] cloud-init[955]: +---[RSA 2048]----+
         Starting LXD - unix socket.
[   27.992933] cloud-init[955]: |     .+. .       |
[   27.999808] cloud-init[955]: |     . +o .      |
[[0;32m  OK  [0m] Reached target Network is Online.
[   27.999976] cloud-init[955]: |    o . +o.      |
[   28.004639] cloud-init[955]: |     o   +.=E    |
         Starting iSCSI initiator daemon (iscsid)...
[[   28.018086] cloud-init[955]: |      . S.*o+ .  |
[   28.066414] cloud-init[955]: |     . . o+*.*   |
[0;32m  OK  [0m] Started Daily apt download activities.
[   28.066952] cloud-init[955]: |      .. o*o+.+  |
[   28.197844] cloud-init[955]: |       o*oo*.oo  |
[[0;32m  OK  [0m] Started Daily apt upgrade and clean activities.
[[   28.198428] cloud-init[955]: |       .***=o. . |
[0;32m  OK  [0m] Reached target Timers.
[[   28.271476] cloud-init[955]: +----[SHA256]-----+
[0;32m  OK  [0m] Reached target Cloud-config availability.
[   28.297553] cloud-init[955]: Generating public/private dsa key pair.
[   28.353235] cloud-init[955]: Your identification has been saved in /etc/ssh/ssh_host_dsa_key.
[   28.354226] cloud-init[955]: Your public key has been saved in /etc/ssh/ssh_host_dsa_key.pub.
[[0;32m  OK  [0m] Listening on Socket activation for snappy daemon.
[[   28.354879] cloud-init[955]: The key fingerprint is:
[0;32m  OK  [0m] [   28.412911] Listening on LXD - unix socket.cloud-init
[955]: SHA256:riI/lWylAQA/rP3+vhLFkzsQUWE+IjkdEmLhxXearOY root@ubuntu-xenial
[   28.476220] cloud-init[955]: The key's randomart image is:
[   28.476504] cloud-init[955]: +---[DSA 1024]----+
[[0;32m  OK  [0m] Started iSCSI initiator daemon (iscsid).
[   28.476634] cloud-init[955]: |o+*+oo+.         |
[   28.513611] cloud-init[955]: |o+.=o= .         |
[   28.516764] cloud-init[955]: | .B =+*.         |
[   28.552266] cloud-init[955]: | o +.=*..        |
[   28.552502] cloud-init[955]: |. . .+ BS        |
         Starting Login to default iSCSI targets...
[   28.552697] cloud-init[955]: |   +. O.         |
[[0;32m  OK  [0m] Reached target Sockets.
[   28.558152] cloud-init[955]: |  o .+ ..        |
[   28.561666] cloud-init[955]: |  .E+  .         |
[[0;32m  OK  [0m] Reached target Basic System.
[   28.561787] cloud-init[955]: |   oo*=.         |
[   28.684382] cloud-init[955]: +----[SHA256]-----+
[   28.684761] cloud-init[955]: Generating public/private ecdsa key pair.
         Starting /etc/rc.local Compatibility...
[   28.685034] cloud-init[955]: Your identification has been saved in /etc/ssh/ssh_host_ecdsa_key.
[   28.713235] cloud-init[955]: Your public key has been saved in /etc/ssh/ssh_host_ecdsa_key.pub.
[   28.713752] cloud-init[955]: The key fingerprint is:
[[0;32m  OK  [0m] Started D-Bus System Message Bus.
[   28.713949] cloud-init[955]: SHA256:zPrzJ56vuLREaYTNDIhjGAFLkqqtbm7/Wrbhr3L8tSM root@ubuntu-xenial
[   28.804688] cloud-init[955]: The key's randomart image is:
         Starting Apply the settings specified in cloud-config...
[   28.887107] cloud-init[955]: +---[ECDSA 256]---+
[   28.980819] cloud-init[955]: |** . ..          |
[   28.998217] cloud-init[955]: |=.+ .  *         |
[   28.998536] cloud-init[955]: |o. .  . =        |
         Starting Pollinate to seed the pseudo random number generator...
[   28.998672] cloud-init[955]: |.      + .       |
[   29.032770] cloud-init[955]: |..      S        |
[   29.033220] cloud-init[955]: |. .    +         |
         Starting Login Service...
[   29.033386] cloud-init[955]: | .  .+. o.       |
[   29.164598] cloud-init[955]: |.o .+ooEo+o..    |
[   29.164932] cloud-init[955]: |=o.o==+o***=.    |
         Starting LXD - container startup/shutdown...
[   29.165079] cloud-init[955]: +----[SHA256]-----+
[   29.250345] cloud-init[955]: Generating public/private ed25519 key pair.
[   29.250590] cloud-init[955]: Your identification has been saved in /etc/ssh/ssh_host_ed25519_key.
[[0;32m  OK  [0m] Started Regular background program processing daemon.
[[   29.250716] cloud-init[955]: Your public key has been saved in /etc/ssh/ssh_host_ed25519_key.pub.
[   29.311446] cloud-init[955]: The key fingerprint is:
[0;32m  OK  [0m] Started Unattended Upgrades Shutdown.
[   29.311547] cloud-init[955]: SHA256:Iz+8NlGtce2gnLYI+ZAg2EbwaIGGdtInluYGJEaayRY root@ubuntu-xenial
[   29.409150] cloud-init[955]: The key's randomart image is:
[   29.411289] cloud-init[955]: +--[ED25519 256]--+
[   29.412232] cloud-init[955]: |BE. .            |
[   29.420835] cloud-init[955]: |BX+B .           |
[   29.421128] cloud-init[955]: |BBO o      . .   |
         Starting LSB: MD monitoring daemon...
[   29.421280] cloud-init[955]: |+ +o.     o + .  |
[   29.454359] cloud-init[955]: | ... ..oSo * o   |
[   29.454689] cloud-init[955]: |      =+..*   .  |
[[0;32m  OK  [0m] Started FUSE filesystem for LXC.
[   29.454841] cloud-init[955]: |       +++ .     |
[   29.584661] cloud-init[955]: |        =o.      |
[   29.584933] cloud-init[955]: |       ...       |
         Starting LSB: Record successful boot for GRUB...
[   29.585084] cloud-init[955]: +----[SHA256]-----+
         Starting Accounts Service...
[   29.782286] cloud-init[1063]: Generating locales (this might take a while)...
         Starting System Logging Service...
[[0;32m  OK  [0m] Started Deferred execution scheduler.
[[0;32m  OK  [0m] Started ACPI event daemon.
         Starting Snappy daemon...
[[0;32m  OK  [0m] Started System Logging Service.
[[0;32m  OK  [0m] Started /etc/rc.local Compatibility.
[[0;32m  OK  [0m] Started Pollinate to seed the pseudo random number generator.
[[0;32m  OK  [0m] Started LXD - container startup/shutdown.
[[0;32m  OK  [0m] Started Snappy daemon.
[[0;32m  OK  [0m] Started Login to default iSCSI targets.
[[0;32m  OK  [0m] Started LSB: MD monitoring daemon.
[[0;32m  OK  [0m] Started LSB: Record successful boot for GRUB.
[[0;32m  OK  [0m] Started Login Service.
         Starting Authenticate and Authorize Users to Run Privileged Tasks...
[[0;32m  OK  [0m] Reached target Remote File Systems (Pre).
[[0;32m  OK  [0m] Reached target Remote File Systems.
         Starting LSB: automatic crash report generation...
[   30.631654] cloud-init[1063]:   en_US.UTF-8... done
         Starting LSB: daemon to balance interrupts for SMP systems...
         Starting LSB: Set the CPU Frequency Scaling governor to "ondemand"...
[   30.681588] cloud-init[1063]: Generation complete.
         Starting Permit User Sessions...
         Starting LSB: VirtualBox Linux Additions...
         Starting OpenBSD Secure Shell server...
[[0;32m  OK  [0m] Started Permit User Sessions.
[[0;32m  OK  [0m] Started OpenBSD Secure Shell server.
[[0;32m  OK  [0m] Started Authenticate and Authorize Users to Run Privileged Tasks.
[[0;32m  OK  [0m] Started Accounts Service.
[[0;32m  OK  [0m] Started LSB: automatic crash report generation.
[[0;32m  OK  [0m] Started LSB: daemon to balance interrupts for SMP systems.
[[0;32m  OK  [0m] Started LSB: Set the CPU Frequency Scaling governor to "ondemand".
[   31.128913] cloud-init[1063]: Cloud-init v. 17.1 running 'modules:config' at Sat, 10 Feb 2018 04:33:33 +0000. Up 29.20 seconds.
[[0;32m  OK  [0m] Created slice User Slice of vagrant.
         Starting User Manager for UID 1000...
[[0;32m  OK  [0m] Started Session 1 of user vagrant.
         Starting Terminate Plymouth Boot Screen...
         Starting Hold until boot process finishes up...
[[0;32m  OK  [0m] Started User Manager for UID 1000.
[[0;32m  OK  [0m] Started Apply the settings specified in cloud-config.
[[0;32m  OK  [0m] Started LSB: VirtualBox Linux Additions.
[[0;32m  OK  [0m] Started Terminate Plymouth Boot Screen.
[[0;32m  OK  [0m] Started Hold until boot process finishes up.
         Starting Set console scheme...
[[0;32m  OK  [0m] Started Getty on tty1.
[[0;32m  OK  [0m] Started Serial Getty on ttyS0.
[[0;32m  OK  [0m] Reached target Login Prompts.
[[0;32m  OK  [0m] Reached target Multi-User System.
[[0;32m  OK  [0m] Reached target Graphical Interface.
         Starting Update UTMP about System Runlevel Changes...
         Starting Execute cloud user/final scripts...
[[0;32m  OK  [0m] Started Set console scheme.
[[0;32m  OK  [0m] Started Update UTMP about System Runlevel Changes.
ci-info: no authorized ssh keys fingerprints found for user ubuntu.
<14>Feb 10 04:33:36 ec2: 
<14>Feb 10 04:33:36 ec2: #############################################################
<14>Feb 10 04:33:36 ec2: -----BEGIN SSH HOST KEY FINGERPRINTS-----
<14>Feb 10 04:33:36 ec2: 1024 SHA256:riI/lWylAQA/rP3+vhLFkzsQUWE+IjkdEmLhxXearOY root@ubuntu-xenial (DSA)
<14>Feb 10 04:33:36 ec2: 256 SHA256:zPrzJ56vuLREaYTNDIhjGAFLkqqtbm7/Wrbhr3L8tSM root@ubuntu-xenial (ECDSA)
<14>Feb 10 04:33:36 ec2: 256 SHA256:Iz+8NlGtce2gnLYI+ZAg2EbwaIGGdtInluYGJEaayRY root@ubuntu-xenial (ED25519)
<14>Feb 10 04:33:36 ec2: 2048 SHA256:/7p5GtGYd84SL4y2fQMqyS2zvpxA9xEOgzL1QJ3nO1w root@ubuntu-xenial (RSA)
<14>Feb 10 04:33:36 ec2: -----END SSH HOST KEY FINGERPRINTS-----
<14>Feb 10 04:33:36 ec2: #############################################################
-----BEGIN SSH HOST KEY KEYS-----
ecdsa-sha2-nistp256 AAAAE2VjZHNhLXNoYTItbmlzdHAyNTYAAAAIbmlzdHAyNTYAAABBBJh013Bv+VMaxA4NtnK06eoFlnqZWsFP2MUQcr1u978pyvxRCrDPcx1wNXGwNSfCxe0vBkg14TAND/IrqH1pJAw= root@ubuntu-xenial
ssh-ed25519 AAAAC3NzaC1lZDI1NTE5AAAAIH6AryTg1iLc6S751dF9PvLIT6KHIrnrKw7wqglwtSgF root@ubuntu-xenial
ssh-rsa AAAAB3NzaC1yc2EAAAADAQABAAABAQDSoe4nrSNPGKEPTT5EZOaw+gyiEyjhPtNZWpmFk43miODZrWT0+tuqOoKV/yYcQF5r/u88U3sFX1nqvkKxqvYanCAcvJmN0C0FfFz1RM+OpGSjvLugkzNEBcXj/Ki/picHKlKREhUbzmPZhXb6LJxH3LO0C6P2/kTLFm/6y56ciAeZ6GkQkchDzBtKpwO9V/nHDvkCWgzTN64txo95JCyhSkvEh2RDkRMFmgqg0fcrEb+kv2EZj8GzEB0z6NQUXjb96Sj8/axYOzg5BYcnxGHx89UuQ0bjlMeEGlBwW0rKbTRoawC0hKXw+TU7FflTMf6zVnkhyVkmsa3OU+HxjvAH root@ubuntu-xenial
-----END SSH HOST KEY KEYS-----
[   32.965117] cloud-init[1321]: Cloud-init v. 17.1 running 'modules:final' at Sat, 10 Feb 2018 04:33:36 +0000. Up 32.17 seconds.
[   33.017161] cloud-init[1321]: ci-info: no authorized ssh keys fingerprints found for user ubuntu.
[   33.077571] [cloud-init[0;32m  OK  [0m[1321]: ] Cloud-init v. 17.1 finished at Sat, 10 Feb 2018 04:33:37 +0000. Datasource DataSourceNoCloud [seed=/dev/sdb][dsmode=net].  Up 32.95 secondsStarted Execute cloud user/final scripts.

[[0;32m  OK  [0m] Reached target Cloud-init target.

Ubuntu 16.04.3 LTS ubuntu-xenial ttyS0

ubuntu-xenial login: 